[www.justindolle-peinture.fr/index.html]
[backblue.gif]
[fade.gif]
[index.html]
[www.justindolle-peinture.fr/js/somme_geojson.js]
[www.justindolle-peinture.fr/prestations/index.html]
[www.justindolle-peinture.fr/images/classic/hero-1.png]
[www.justindolle-peinture.fr/images/classic/feature-1.png]
[www.justindolle-peinture.fr/images/slider/img1.jpg]
[www.justindolle-peinture.fr/images/slider/img2.jpg]
[www.justindolle-peinture.fr/images/slider/img3.jpg]
[www.justindolle-peinture.fr/images/slider/img4.jpg]
[www.justindolle-peinture.fr/images/slider/img5.jpg]
[www.justindolle-peinture.fr/images/slider/img6.jpg]
[www.justindolle-peinture.fr/images/slider/img7.jpg]
[www.justindolle-peinture.fr/images/slider/img8.jpg]
[www.justindolle-peinture.fr/images/slider/img9.jpg]
[www.justindolle-peinture.fr/js/init.js]
[www.justindolle-peinture.fr/js/page-load.js]
[www.justindolle-peinture.fr/index.html]
[www.justindolle-peinture.fr/font/BrandonText-Regular.eot]
[www.justindolle-peinture.fr/contact/index.html]
[www.justindolle-peinture.fr/font/BrandonText-Regulard41d.eot]
[www.justindolle-peinture.fr/estimations/index.html]
[www.justindolle-peinture.fr/font/BrandonText-Regular.woff2]
[www.justindolle-peinture.fr/font/BrandonText-Regular.woff]
[www.justindolle-peinture.fr/font/BrandonText-Regular.ttf]
[www.justindolle-peinture.fr/font/BrandonText-Bold.eot]
[www.justindolle-peinture.fr/font/BrandonText-Boldd41d.eot]
[www.justindolle-peinture.fr/font/BrandonText-Bold.woff2]
[www.justindolle-peinture.fr/font/BrandonText-Bold.woff]
[www.justindolle-peinture.fr/font/BrandonText-Bold.ttf]
[www.justindolle-peinture.fr/css/custom-font.css]
[www.justindolle-peinture.fr/css/main.css]
[www.justindolle-peinture.fr/images/classic/logo.svg]
[www.justindolle-peinture.fr/images/classic/feature-test2.jpg]
[www.justindolle-peinture.fr/images/classic/feature-test.jpg]
[www.justindolle-peinture.fr/images/classic/feature-test3.jpg]
[www.justindolle-peinture.fr/images/classic/feature-test4.jpg]
[www.justindolle-peinture.fr/prestations/index.html]
[www.justindolle-peinture.fr/contact/index.html]
[www.justindolle-peinture.fr/marquage-au-sol/index.html]
[www.justindolle-peinture.fr/estimations/index.html]
[www.justindolle-peinture.fr/js/costCalculatorScript.js]
[www.justindolle-peinture.fr/images/classic/icon-1.svg]
[www.justindolle-peinture.fr/images/classic/icon-2.svg]
[www.justindolle-peinture.fr/images/classic/icon-3.svg]
[www.justindolle-peinture.fr/font/BrandonText-Regular.svg]
[www.justindolle-peinture.fr/font/BrandonText-Bold.svg]
[www.justindolle-peinture.fr/marquage-au-sol/index.html]
[www.justindolle-peinture.fr/images/logo_seigneurie.svg]
[www.justindolle-peinture.fr/images/logo_theodore.svg]
[www.justindolle-peinture.fr/images/logo_tollens.svg]
[www.justindolle-peinture.fr/css/costCalculator.css]
