[www.uniondespeintres.fr/index.html]
[backblue.gif]
[fade.gif]
[index.html]
[www.uniondespeintres.fr/wp-content/plugins/contact-form-7/includes/css/styles58e0.css]
[www.uniondespeintres.fr/wp-content/plugins/revslider/public/assets/css/settings84f5.css]
[www.uniondespeintres.fr/feed/index.html]
[www.uniondespeintres.fr/comments/feed/index.html]
[www.uniondespeintres.fr/wp-content/plugins/js_composer/assets/css/js_composer.min40df.css]
[www.uniondespeintres.fr/wp-content/plugins/js_composer/assets/lib/bower/font-awesome/css/font-awesome.min40df.css]
[www.uniondespeintres.fr/wp-content/themes/constructo/js/owl/assets/owl.carousel092c.css]
[www.uniondespeintres.fr/wp-content/themes/constructo/css/swipebox092c.css]
[www.uniondespeintres.fr/wp-content/themes/constructo/css/core092c.css]
[www.uniondespeintres.fr/wp-content/themes/constructo/css/wordpress092c.css]
[www.uniondespeintres.fr/wp-includes/js/jquery/jquery-migrate.min330a.js]
[www.uniondespeintres.fr/xmlrpc0db0.php]
[www.uniondespeintres.fr/wp-includes/wlwmanifest.xml]
[www.uniondespeintres.fr/wp-json/oembed/1.0/embede072.json]
[www.uniondespeintres.fr/wp-content/plugins/revslider/public/assets/js/jquery.themepunch.revolution.min84f5.js]
[www.uniondespeintres.fr/wp-json/oembed/1.0/embed0888]
[www.uniondespeintres.fr/wp-content/uploads/2019/01/logo-uniondespeintres-300x200.png]
[www.uniondespeintres.fr/wp-includes/js/jquery/jqueryb8ff.js]
[www.uniondespeintres.fr/wp-content/uploads/2019/01/entreprise-peinture-amiens.jpg]
[www.uniondespeintres.fr/wp-content/uploads/2019/01/Icon-peinture.png]
[www.uniondespeintres.fr/wp-content/uploads/2019/01/Icon-ravalement.png]
[www.uniondespeintres.fr/wp-content/plugins/revslider/public/assets/js/jquery.themepunch.tools.min84f5.js]
[www.uniondespeintres.fr/wp-content/uploads/2019/01/Icon-sol.png]
[www.uniondespeintres.fr/wp-content/plugins/contact-form-7/includes/js/scripts58e0.js]
[www.uniondespeintres.fr/wp-content/themes/constructo/js/quantity_woo23092c.js]
[www.uniondespeintres.fr/wp-content/plugins/js_composer/assets/lib/waypoints/waypoints.min40df.js]
[www.uniondespeintres.fr/wp-content/themes/constructo/js/parallax092c.js]
[www.uniondespeintres.fr/wp-content/themes/constructo/js/bootstrap/bootstrap.min092c.js]
[www.uniondespeintres.fr/wp-content/themes/constructo/js/jquery.swipebox092c.js]
[www.uniondespeintres.fr/wp-includes/js/imagesloaded.min55a0.js]
[www.uniondespeintres.fr/wp-content/themes/constructo/js/functions092c.js]
[www.uniondespeintres.fr/wp-content/themes/constructo/js/doubletaptogo092c.js]
[www.uniondespeintres.fr/wp-includes/js/wp-embed.min092c.js]
[www.uniondespeintres.fr/index.html]
[www.uniondespeintres.fr/wp-content/plugins/js_composer/assets/js/dist/js_composer_front.min40df.js]
[www.uniondespeintres.fr/xmlrpc.php]
[www.uniondespeintres.fr/wp-json/index.html]
[www.uniondespeintres.fr/entreprise-peinture-amiens/index.html]
[www.uniondespeintres.fr/wp-content/themes/constructo/js/owl/owl.carousel092c.js]
[www.uniondespeintres.fr/wp-content/plugins/contact-form-7/images/ajax-loader.gif]
[www.uniondespeintres.fr/wp-content/plugins/contact-form-7/includes/css/styles58e0.css]
[www.uniondespeintres.fr/peinture-interieur-amiens/index.html]
[www.uniondespeintres.fr/ravalement-facade-amiens/index.html]
[www.uniondespeintres.fr/wp-content/plugins/revslider/public/assets/fonts/revicons/revicons90c6.woff]
[www.uniondespeintres.fr/revetement-sol-amiens/index.html]
[www.uniondespeintres.fr/wp-content/plugins/revslider/public/assets/fonts/revicons/revicons90c6.eot]
[www.uniondespeintres.fr/wp-content/plugins/revslider/public/assets/fonts/revicons/revicons90c6.ttf]
[www.uniondespeintres.fr/wp-content/plugins/revslider/public/assets/fonts/revicons/revicons90c6.svg]
[www.uniondespeintres.fr/wp-content/plugins/revslider/public/assets/assets/gridtile.png]
[www.uniondespeintres.fr/wp-content/plugins/revslider/public/assets/assets/gridtile_white.png]
[www.uniondespeintres.fr/wp-content/plugins/revslider/public/assets/assets/gridtile_3x3.png]
[www.uniondespeintres.fr/wp-content/plugins/revslider/public/assets/assets/gridtile_3x3_white.png]
[www.uniondespeintres.fr/wp-content/plugins/revslider/public/assets/assets/coloredbg.png]
[www.uniondespeintres.fr/wp-content/plugins/revslider/public/assets/assets/loader.gif]
[www.uniondespeintres.fr/wp-content/plugins/revslider/public/assets/css/settings84f5.css]
[www.uniondespeintres.fr/wp-content/plugins/js_composer/assets/vc/alert.png]
[www.uniondespeintres.fr/wp-content/plugins/js_composer/assets/vc/info.png]
[www.uniondespeintres.fr/wp-content/plugins/js_composer/assets/vc/tick.png]
[www.uniondespeintres.fr/nos-realisations/index.html]
[www.uniondespeintres.fr/wp-content/plugins/js_composer/assets/vc/exclamation.png]
[www.uniondespeintres.fr/nous-contacter/index.html]
[www.uniondespeintres.fr/wp-content/plugins/js_composer/assets/images/icons/address-book.png]
[www.uniondespeintres.fr/peinture-amiens-2/index.html]
[www.uniondespeintres.fr/wp-content/plugins/js_composer/assets/images/icons/alarm-clock.png]
[www.uniondespeintres.fr/wp-content/plugins/js_composer/assets/images/icons/anchor.png]
[www.uniondespeintres.fr/wp-content/plugins/js_composer/assets/images/icons/application-image.png]
[www.uniondespeintres.fr/wp-content/plugins/js_composer/assets/images/icons/arrow.png]
[www.uniondespeintres.fr/wp-content/plugins/js_composer/assets/images/icons/asterisk.png]
[www.uniondespeintres.fr/wp-content/plugins/js_composer/assets/images/icons/auction-hammer.png]
[www.uniondespeintres.fr/wp-content/plugins/js_composer/assets/images/icons/balloon.png]
[www.uniondespeintres.fr/wp-content/plugins/js_composer/assets/images/icons/balloon-buzz.png]
[www.uniondespeintres.fr/wp-content/plugins/js_composer/assets/images/icons/balloon-facebook.png]
[www.uniondespeintres.fr/wp-content/plugins/js_composer/assets/images/icons/balloon-twitter.png]
[www.uniondespeintres.fr/wp-content/plugins/js_composer/assets/images/icons/battery-full.png]
[www.uniondespeintres.fr/wp-content/plugins/js_composer/assets/images/icons/binocular.png]
[www.uniondespeintres.fr/wp-content/plugins/js_composer/assets/images/icons/blue-document-excel.png]
[www.uniondespeintres.fr/wp-content/plugins/js_composer/assets/images/icons/blue-document-image.png]
[www.uniondespeintres.fr/wp-content/plugins/js_composer/assets/images/icons/blue-document-music.png]
[www.uniondespeintres.fr/wp-content/plugins/js_composer/assets/images/icons/blue-document-office.png]
[www.uniondespeintres.fr/wp-content/plugins/js_composer/assets/images/icons/blue-document-pdf.png]
[www.uniondespeintres.fr/wp-content/plugins/js_composer/assets/images/icons/blue-document-powerpoint.png]
[www.uniondespeintres.fr/wp-content/plugins/js_composer/assets/images/icons/blue-document-word.png]
[www.uniondespeintres.fr/wp-content/plugins/js_composer/assets/images/icons/bookmark.png]
[www.uniondespeintres.fr/wp-content/plugins/js_composer/assets/images/icons/camcorder.png]
[www.uniondespeintres.fr/wp-content/plugins/js_composer/assets/images/icons/camera.png]
[www.uniondespeintres.fr/wp-content/plugins/js_composer/assets/images/icons/chart.png]
[www.uniondespeintres.fr/wp-content/plugins/js_composer/assets/images/icons/chart-pie.png]
[www.uniondespeintres.fr/wp-content/plugins/js_composer/assets/images/icons/clock.png]
[www.uniondespeintres.fr/wp-content/plugins/js_composer/assets/images/icons/control.png]
[www.uniondespeintres.fr/wp-content/plugins/js_composer/assets/images/icons/fire.png]
[www.uniondespeintres.fr/wp-content/plugins/js_composer/assets/images/icons/heart.png]
[www.uniondespeintres.fr/wp-content/plugins/js_composer/assets/images/icons/mail.png]
[www.uniondespeintres.fr/wp-content/plugins/js_composer/assets/images/icons/plus-shield.png]
[www.uniondespeintres.fr/wp-content/plugins/js_composer/assets/images/icons/video.png]
[www.uniondespeintres.fr/wp-content/plugins/js_composer/assets/fonts/vc_icons_v2/fonts/vcpb-plugin-iconsb82a.eot]
[www.uniondespeintres.fr/wp-content/plugins/js_composer/assets/fonts/vc_icons_v2/fonts/vcpb-plugin-iconsb82a.ttf]
[www.uniondespeintres.fr/wp-content/plugins/js_composer/assets/fonts/vc_icons_v2/fonts/vcpb-plugin-iconsb82a.woff]
[www.uniondespeintres.fr/wp-content/plugins/js_composer/assets/fonts/vc_icons_v2/fonts/vcpb-plugin-iconsb82a.svg]
[www.uniondespeintres.fr/wp-content/plugins/js_composer/assets/images/toggle_open.png]
[www.uniondespeintres.fr/wp-content/plugins/js_composer/assets/images/toggle_close.png]
[www.uniondespeintres.fr/wp-content/plugins/js_composer/assets/images/flickr.png]
[www.uniondespeintres.fr/wp-content/plugins/js_composer/assets/fonts/vc_grid/vc_grid_v157a1.eot]
[www.uniondespeintres.fr/wp-content/plugins/js_composer/assets/fonts/vc_grid/vc_grid_v1d41d.eot]
[www.uniondespeintres.fr/wp-content/plugins/js_composer/assets/fonts/vc_grid/vc_grid_v157a1.woff]
[www.uniondespeintres.fr/wp-content/plugins/js_composer/assets/fonts/vc_grid/vc_grid_v157a1.ttf]
[www.uniondespeintres.fr/wp-content/plugins/js_composer/assets/fonts/vc_grid/vc_grid_v157a1.svg]
[www.uniondespeintres.fr/wp-content/plugins/js_composer/assets/images/spinner.gif]
[www.uniondespeintres.fr/wp-content/plugins/js_composer/assets/css/js_composer.min40df.css]
[www.uniondespeintres.fr/wp-content/plugins/js_composer/assets/vc/remove.png]
[www.uniondespeintres.fr/wp-content/plugins/js_composer/assets/lib/bower/font-awesome/fonts/fontawesome-webfont3e6e.woff2]
[www.uniondespeintres.fr/wp-content/plugins/js_composer/assets/lib/bower/font-awesome/fonts/fontawesome-webfont3e6e.woff]
[www.uniondespeintres.fr/wp-content/plugins/js_composer/assets/lib/bower/font-awesome/fonts/fontawesome-webfont3e6e.ttf]
[www.uniondespeintres.fr/wp-content/plugins/js_composer/assets/lib/bower/font-awesome/fonts/fontawesome-webfont3e6e.eot]
[www.uniondespeintres.fr/wp-content/plugins/js_composer/assets/lib/bower/font-awesome/css/font-awesome.min40df.css]
[www.uniondespeintres.fr/wp-content/plugins/js_composer/assets/lib/bower/font-awesome/fonts/fontawesome-webfont3e6e.svg]
[www.uniondespeintres.fr/wp-content/plugins/js_composer/assets/lib/bower/font-awesome/fonts/fontawesome-webfontd41d.eot]
[www.uniondespeintres.fr/wp-content/themes/constructo/js/owl/assets/owl.video.play.png]
[www.uniondespeintres.fr/wp-content/themes/constructo/js/owl/assets/owl.carousel092c.css]
[www.uniondespeintres.fr/wp-content/themes/Constructo-child-theme/style092c.css]
[www.uniondespeintres.fr/wp-content/themes/constructo/images/swipebox/loader.gif]
[www.uniondespeintres.fr/wp-content/themes/constructo/css/swipebox092c.css]
[www.uniondespeintres.fr/wp-content/themes/constructo/images/swipebox/icons.png]
[www.uniondespeintres.fr/wp-content/themes/constructo/css/boxed/image.jpg]
[www.uniondespeintres.fr/wp-content/themes/constructo/css/boxed/pattern-2.png]
[www.uniondespeintres.fr/wp-content/themes/constructo/css/boxed/pattern-3.png]
[www.uniondespeintres.fr/wp-content/themes/constructo/css/boxed/pattern-4.png]
[www.uniondespeintres.fr/wp-content/themes/constructo/css/boxed/pattern-5.png]
[www.uniondespeintres.fr/wp-content/themes/constructo/css/boxed/pattern-6.png]
[www.uniondespeintres.fr/wp-content/themes/constructo/css/boxed/pattern-7.png]
[www.uniondespeintres.fr/wp-content/themes/constructo/css/boxed/pattern-8.png]
[www.uniondespeintres.fr/wp-content/themes/constructo/css/boxed/pattern-9.png]
[www.uniondespeintres.fr/wp-content/themes/constructo/css/boxed/pattern-10.png]
[www.uniondespeintres.fr/wp-content/themes/constructo/css/core092c.css]
[www.uniondespeintres.fr/wp-content/themes/constructo/css/wordpress092c.css]
[www.uniondespeintres.fr/wp-content/themes/constructo/custom092c.css]
[www.uniondespeintres.fr/wp-json/oembed/1.0/embeda1f7.json]
[www.uniondespeintres.fr/wp-json/oembed/1.0/embedb2e2]
[www.uniondespeintres.fr/wp-content/plugins/revslider/admin/assets/images/transparent.png]
[www.uniondespeintres.fr/wp-content/uploads/2019/01/logo-uniondespeintres.png]
[www.uniondespeintres.fr/wp-content/uploads/2019/01/peinture-amiens-histoire-775x1024.jpg]
[www.uniondespeintres.fr/wp-content/uploads/2019/01/peinture-amiens-histoire.jpg]
[www.uniondespeintres.fr/wp-content/uploads/2019/01/union-peintres-amiens-1024x558.jpg]
[www.uniondespeintres.fr/wp-content/uploads/2019/01/union-peintres-amiens.jpg]
[www.uniondespeintres.fr/wp-content/uploads/2019/01/union-peintre-histoire-1024x666.jpg]
[www.uniondespeintres.fr/wp-content/uploads/2019/01/union-peintre-histoire.jpg]
[www.uniondespeintres.fr/wp-content/uploads/2019/01/ravalement-amiens-histoire-1024x610.jpg]
[www.uniondespeintres.fr/wp-content/uploads/2019/01/ravalement-amiens-histoire.jpg]
[www.uniondespeintres.fr/wp-content/uploads/2019/01/entreprise-peinture-amiens-1024x750.jpg]
[www.uniondespeintres.fr/wp-content/plugins/js_composer/assets/lib/prettyphoto/css/prettyPhoto.min40df.css]
[www.uniondespeintres.fr/wp-content/plugins/js_composer/assets/lib/bower/flexslider/flexslider.min40df.css]
[www.uniondespeintres.fr/wp-content/plugins/js_composer/assets/lib/prettyphoto/js/jquery.prettyPhoto.min40df.js]
[www.uniondespeintres.fr/wp-content/plugins/js_composer/assets/lib/bower/flexslider/jquery.flexslider-min40df.js]
[www.uniondespeintres.fr/entreprise-peinture-amiens/index.html]
[www.uniondespeintres.fr/wp-json/oembed/1.0/embed82aa.json]
[www.uniondespeintres.fr/wp-json/oembed/1.0/embed6162]
[www.uniondespeintres.fr/wp-content/uploads/2019/02/entreprise-peinture-amiens.jpg]
[www.uniondespeintres.fr/peinture-interieur-amiens/index.html]
[www.uniondespeintres.fr/peinture-interieur-amiens/feed/index.html]
[www.uniondespeintres.fr/wp-json/oembed/1.0/embed6025.json]
[www.uniondespeintres.fr/wp-json/oembed/1.0/embeddc81]
[www.uniondespeintres.fr/wp-content/uploads/2019/01/ravalement-amiens.jpg]
[www.uniondespeintres.fr/ravalement-facade-amiens/index.html]
[www.uniondespeintres.fr/wp-json/oembed/1.0/embed2621.json]
[www.uniondespeintres.fr/wp-json/oembed/1.0/embed6154]
[www.uniondespeintres.fr/wp-content/uploads/2019/01/pose-sol-amiens-1024x639.jpg]
[www.uniondespeintres.fr/wp-content/uploads/2019/01/pose-sol-amiens.jpg]
[www.uniondespeintres.fr/revetement-sol-amiens/index.html]
[www.uniondespeintres.fr/ravalement-facade-amiens/feed/index.html]
[www.uniondespeintres.fr/wp-json/oembed/1.0/embedf1b9.json]
[www.uniondespeintres.fr/wp-json/oembed/1.0/embed575c]
[www.uniondespeintres.fr/wp-content/uploads/2020/02/ravalement-facade-particulier-amiens-360x267.jpg]
[www.uniondespeintres.fr/wp-content/uploads/2020/02/ravalement-facade-amiens-tour-perret-360x267.jpg]
[www.uniondespeintres.fr/wp-content/uploads/2020/02/ravalement-facade-amiens-cirque-verne-avant-360x267.jpg]
[www.uniondespeintres.fr/wp-content/uploads/2020/02/pose-revetement-sol-amiens-apres-360x267.jpg]
[www.uniondespeintres.fr/wp-content/uploads/2020/02/travaux-pose-sol-amiens-apres-360x267.jpg]
[www.uniondespeintres.fr/wp-content/uploads/2020/02/renovation_salle-reception-360x267.jpg]
[www.uniondespeintres.fr/wp-content/uploads/2020/02/renovation-statue-apres-360x267.png]
[www.uniondespeintres.fr/wp-content/uploads/2020/02/renovation_cuisine-apres-360x267.jpg]
[www.uniondespeintres.fr/wp-content/uploads/2014/12/peinture-chateau-eau-apres-360x267.jpg]
[www.uniondespeintres.fr/wp-content/themes/constructo/js/jquery.isotope.min092c.js]
[www.uniondespeintres.fr/nos-realisations/index.html]
[www.uniondespeintres.fr/wp-json/oembed/1.0/embed2298.json]
[www.uniondespeintres.fr/wp-json/oembed/1.0/embed2c11]
[www.uniondespeintres.fr/nous-contacter/index.html]
[www.uniondespeintres.fr/peinture-amiens-2/index.html]
[www.uniondespeintres.fr/revetement-sol-amiens/feed/index.html]
[www.uniondespeintres.fr/ravalement-facade/index.html]
[www.uniondespeintres.fr/wp-content/plugins/revslider/public/assets/fonts/revicons/revicons90c6.svg]
[www.uniondespeintres.fr/portfolio/ravalement-facade-amiens-particulier/index.html]
[www.uniondespeintres.fr/wp-content/plugins/revslider/public/assets/css/openhand.html]
[www.uniondespeintres.fr/portfolio/ravalement-facade-amiens-tour-perret/index.html]
[www.uniondespeintres.fr/wp-content/plugins/revslider/public/assets/css/closedhand.html]
[www.uniondespeintres.fr/portfolio/ravalement-facade-amiens-jules-verne/index.html]
[www.uniondespeintres.fr/portfolio/pose-sol-amiens-particulier/index.html]
[www.uniondespeintres.fr/portfolio/renovation-pose-sol-amiens/index.html]
[www.uniondespeintres.fr/portfolio/decoration-salle-reception-pierrefonds-2/index.html]
[www.uniondespeintres.fr/portfolio/renovation-statue-amiens-saint-leu/index.html]
[www.uniondespeintres.fr/wp-content/plugins/js_composer/assets/fonts/vc_icons_v2/fonts/vcpb-plugin-iconsb82a.svg]
[www.uniondespeintres.fr/portfolio/ravalement-chateau-eau-bonneville-2-2/index.html]
[www.uniondespeintres.fr/portfolio/ravalement-chateau-eau-bonneville-2/index.html]
[www.uniondespeintres.fr/wp-content/plugins/js_composer/assets/vc/blur.svg]
[www.uniondespeintres.fr/wp-content/plugins/js_composer/assets/fonts/vc_grid/vc_grid_v157a1.svg]
[www.uniondespeintres.fr/wp-content/plugins/js_composer/assets/lib/bower/font-awesome/fonts/fontawesome-webfont3e6e.svg]
[www.uniondespeintres.fr/wp-content/themes/constructo/style.css]
[www.uniondespeintres.fr/wp-content/themes/constructo/css/boxed/pattern-10.html]
[www.uniondespeintres.fr/index5757.html]
[www.uniondespeintres.fr/wp-content/plugins/js_composer/assets/lib/prettyphoto/css/prettyPhoto.min40df.css]
[www.uniondespeintres.fr/wp-content/plugins/js_composer/assets/lib/bower/flexslider/flexslider.min40df.css]
[www.uniondespeintres.fr/index2bd3.html]
[www.uniondespeintres.fr/index03bd.html]
[www.uniondespeintres.fr/indexc5f9.html]
[www.uniondespeintres.fr/index01f7.html]
[www.uniondespeintres.fr/portfolio/ravalement-facade-amiens-particulier/index.html]
[www.uniondespeintres.fr/portfolio/ravalement-facade-amiens-tour-perret/index.html]
[www.uniondespeintres.fr/portfolio/ravalement-facade-amiens-jules-verne/index.html]
[www.uniondespeintres.fr/portfolio/pose-sol-amiens-particulier/index.html]
[www.uniondespeintres.fr/portfolio/renovation-pose-sol-amiens/index.html]
[www.uniondespeintres.fr/portfolio/decoration-salle-reception-pierrefonds-2/index.html]
[www.uniondespeintres.fr/portfolio/renovation-statue-amiens-saint-leu/index.html]
[www.uniondespeintres.fr/portfolio/ravalement-chateau-eau-bonneville-2-2/index.html]
[www.uniondespeintres.fr/portfolio/ravalement-chateau-eau-bonneville-2/index.html]
[www.uniondespeintres.fr/indexa1ca.html]
[www.uniondespeintres.fr/wp-content/themes/constructo/index.html]
