[www.peintre47.fr/index.html]
[backblue.gif]
[fade.gif]
[index.html]
[www.peintre47.fr/wp-includes/css/dist/block-library/style.min109c.css]
[www.peintre47.fr/wp-content/plugins/ninja-google-review/assets/frontend/css/google-reviews109c.css]
[www.peintre47.fr/wp-content/plugins/ninja-google-review/assets/frontend/slick/slick109c.css]
[www.peintre47.fr/wp-includes/js/mediaelement/mediaelementplayer-legacy.min1f61.css]
[www.peintre47.fr/wp-includes/js/mediaelement/wp-mediaelement.min109c.css]
[www.peintre47.fr/wp-content/plugins/gravityforms/legacy/css/formreset.minfae6.css]
[www.peintre47.fr/wp-content/plugins/gravityforms/legacy/css/formsmain.minfae6.css]
[www.peintre47.fr/wp-content/plugins/gravityforms/legacy/css/readyclass.minfae6.css]
[www.peintre47.fr/wp-content/plugins/gravityforms/legacy/css/browsers.minfae6.css]
[www.peintre47.fr/wp-content/uploads/dynamic_avia/avia-merged-styles-e70f54bcde78a664c74af56dc81a5230---665975193a1e7.css]
[www.peintre47.fr/wp-content/uploads/dynamic_avia/avia_posts_css/post-26569.css]
[www.peintre47.fr/wp-includes/js/jquery/jquery.minf43b.js]
[www.peintre47.fr/wp-includes/js/jquery/jquery-migrate.min5589.js]
[www.peintre47.fr/wp-content/plugins/ninja-google-review/assets/frontend/slick/slick.min109c.js]
[www.peintre47.fr/wp-content/plugins/ninja-google-review/assets/frontend/js/google-review109c.js]
[www.peintre47.fr/wp-content/plugins/gravityforms/js/jquery.json.minfae6.js]
[www.peintre47.fr/wp-content/plugins/gravityforms/js/gravityforms.minfae6.js]
[www.peintre47.fr/wp-content/plugins/gravityforms/assets/js/dist/utils.minbdb4.js]
[www.peintre47.fr/wp-content/uploads/dynamic_avia/avia-head-scripts-44963ede28591763c2d61e00f9168584---665975194114d.js]
[www.peintre47.fr/wp-json/wp/v2/pages/2.json]
[www.peintre47.fr/xmlrpc0db0.php]
[www.peintre47.fr/feed/index.html]
[www.peintre47.fr/wp-json/index.html]
[www.peintre47.fr/comments/feed/index.html]
[www.peintre47.fr/wp-json/oembed/1.0/embeda293.json]
[www.peintre47.fr/wp-json/oembed/1.0/embed23d0]
[www.peintre47.fr/xmlrpc.php]
[www.peintre47.fr/wp-content/uploads/2022/11/favicon-artisan-peintre-marmande-agen.jpg]
[www.peintre47.fr/wp-content/themes/enfold/config-templatebuilder/avia-template-builder/assets/fonts/entypo-fontello.woff2]
[www.peintre47.fr/wp-content/themes/enfold/config-templatebuilder/avia-template-builder/assets/fonts/entypo-fontello.woff]
[www.peintre47.fr/wp-content/themes/enfold/config-templatebuilder/avia-template-builder/assets/fonts/entypo-fontello.ttf]
[www.peintre47.fr/wp-content/themes/enfold/config-templatebuilder/avia-template-builder/assets/fonts/entypo-fontello.svg]
[www.peintre47.fr/wp-content/themes/enfold/config-templatebuilder/avia-template-builder/assets/fonts/entypo-fontello.eot]
[www.peintre47.fr/wp-content/themes/enfold/config-templatebuilder/avia-template-builder/assets/fonts/entypo-fontellod41d.eot]
[www.peintre47.fr/wp-content/uploads/2022/11/artisan-peintre-marmande-agen-2.jpg]
[www.peintre47.fr/wp-content/uploads/2022/11/artisan-peintre-timy_oriez.jpg]
[www.peintre47.fr/wp-content/uploads/2022/11/artisan-peintre-timy-oriez.jpg]
[www.peintre47.fr/wp-content/uploads/2022/11/peintre-marmande-47-lot-garonne-slide4.jpg]
[www.peintre47.fr/wp-content/uploads/2024/05/entreprise-peinture-tonneins.webp]
[www.peintre47.fr/wp-content/plugins/gravityforms/images/spinner.svg]
[www.peintre47.fr/wp-content/uploads/2024/09/peintre-47-enlevement-tapisserie-realisation-peinture-495x400.webp]
[www.peintre47.fr/wp-content/uploads/2024/04/IMG_71441-peintre-47-webp.jpg]
[www.peintre47.fr/wp-content/uploads/2023/12/IMG_5330-495x400.webp]
[www.peintre47.fr/wp-content/uploads/2022/11/peinture-interieure-timy-oriez.jpg]
[www.peintre47.fr/wp-content/uploads/2022/11/peinture-exterieure-facade-marmande-agen-peinture-oriez.jpg]
[www.peintre47.fr/wp-content/uploads/2022/11/papier-peint-toile-de-verre-marmande-agen-artisan.jpg]
[www.peintre47.fr/wp-content/uploads/2024/07/nettoyage-toiture-et-facade-47-tonneins-705x470.webp]
[www.peintre47.fr/realisations-entreprise-peinture/index.html]
[www.peintre47.fr/wp-admin/admin-ajax.php]
[www.peintre47.fr/entreprise-peinture-casteljaloux/index.html]
[www.peintre47.fr/wp-includes/js/underscore.mind584.js]
[www.peintre47.fr/entreprise-peinture-batiment-tonneins/index.html]
[www.peintre47.fr/entreprise-peinture-batiment-marmande/index.html]
[www.peintre47.fr/artisan-peintre-agen/index.html]
[www.peintre47.fr/entreprise-de-peinture-villeneuve-sur-lot/index.html]
[www.peintre47.fr/wp-includes/js/mediaelement/mediaelement-and-player.min1f61.js]
[www.peintre47.fr/avis-client/index.html]
[www.peintre47.fr/wp-includes/js/mediaelement/mediaelement-migrate.min109c.js]
[www.peintre47.fr/wp-includes/js/mediaelement/wp-mediaelement.min109c.js]
[www.peintre47.fr/wp-includes/js/dist/dom-ready.min5346.js]
[www.peintre47.fr/wp-includes/js/dist/hooks.min2757.js]
[www.peintre47.fr/wp-includes/js/dist/i18n.minc33c.js]
[www.peintre47.fr/wp-includes/js/dist/a11y.mine810.js]
[www.peintre47.fr/wp-content/plugins/gravityforms/assets/js/dist/vendor-theme.minca9e.js]
[www.peintre47.fr/wp-content/plugins/gravityforms/assets/js/dist/scripts-theme.min00af.js]
[www.peintre47.fr/wp-content/themes/enfold/config-lottie-animations/assets/lottie-player/dotlottie-player3f90.js]
[www.peintre47.fr/wp-content/uploads/dynamic_avia/avia-footer-scripts-4ea5505ca5fa1263398fa7f5389fdb06---665975199c682.js]
[www.peintre47.fr/index.html]
[www.peintre47.fr/wp-includes/css/dist/block-library/style.min109c.css]
[www.peintre47.fr/wp-content/themes/enfold/framework/js/conditional_load/avia_google_maps_api.js]
[www.peintre47.fr/peinture-exterieure/index.html]
[www.peintre47.fr/wp-content/plugins/ninja-google-review/assets/frontend/assets/frontend/img/facebook-letter-logo.svg]
[www.peintre47.fr/peinture-interieure/index.html]
[www.peintre47.fr/revetements-muraux/index.html]
[www.peintre47.fr/nettoyage-de-toiture-et-facade/index.html]
[www.peintre47.fr/wp-content/plugins/ninja-google-review/assets/frontend/assets/frontend/img/spinner-of-dots.svg]
[www.peintre47.fr/devis-contact/index.html]
[www.peintre47.fr/wp-content/plugins/ninja-google-review/assets/frontend/img/Google_2015_logo.svg]
[www.peintre47.fr/wp-content/plugins/ninja-google-review/assets/frontend/img/rate-star-button.svg]
[www.peintre47.fr/wp-content/plugins/ninja-google-review/assets/frontend/img/rate-star-button-gray.svg]
[www.peintre47.fr/wp-content/plugins/ninja-google-review/assets/frontend/img/left-arrow.svg]
[www.peintre47.fr/wp-content/plugins/ninja-google-review/assets/frontend/css/google-reviews109c.css]
[www.peintre47.fr/wp-content/plugins/ninja-google-review/assets/frontend/img/right-arrow.svg]
[www.peintre47.fr/wp-content/plugins/ninja-google-review/assets/frontend/slick/slick109c.css]
[www.peintre47.fr/wp-includes/js/mediaelement/mejs-controls.svg]
[www.peintre47.fr/wp-includes/js/mediaelement/mediaelementplayer-legacy.min1f61.css]
[www.peintre47.fr/wp-includes/js/mediaelement/wp-mediaelement.min109c.css]
[www.peintre47.fr/2024/04/09/travaux-de-peinture-de-murs-interieurs/index.html]
[www.peintre47.fr/wp-content/plugins/gravityforms/legacy/css/formreset.minfae6.css]
[www.peintre47.fr/2024/09/27/enlevement-ancienne-tapisserie-et-realisation-peinture/index.html]
[www.peintre47.fr/mentions-legales/index.html]
[www.peintre47.fr/2023/12/08/restauration-de-volets-en-bois/index.html]
[www.peintre47.fr/wp-content/plugins/gravityforms/images/gf-creditcards.svg]
[www.peintre47.fr/wp-content/plugins/gravityforms/legacy/css/chosen-sprite.png]
[www.peintre47.fr/wp-content/plugins/gravityforms/legacy/css/formsmain.minfae6.css]
[www.peintre47.fr/wp-content/plugins/gravityforms/legacy/css/chosen-sprite@2x.png]
[www.peintre47.fr/wp-content/plugins/gravityforms/legacy/css/readyclass.minfae6.css]
[www.peintre47.fr/wp-content/plugins/gravityforms/legacy/css/browsers.minfae6.css]
[www.peintre47.fr/wp-content/themes/enfold/images/layout/loading.gif]
[www.peintre47.fr/wp-content/uploads/dynamic_avia/avia-merged-styles-e70f54bcde78a664c74af56dc81a5230---665975193a1e7.css]
[www.peintre47.fr/wp-content/uploads/dynamic_avia/avia_posts_css/post-26569.css]
[www.peintre47.fr/wp-includes/js/jquery/jquery.minf43b.js]
[www.peintre47.fr/wp-includes/js/jquery/jquery-migrate.min5589.js]
[www.peintre47.fr/wp-content/plugins/ninja-google-review/assets/frontend/slick/slick.min109c.js]
[www.peintre47.fr/wp-content/plugins/ninja-google-review/assets/frontend/js/google-review109c.js]
[www.peintre47.fr/wp-content/plugins/gravityforms/js/jquery.json.minfae6.js]
[www.peintre47.fr/wp-content/plugins/gravityforms/js/gravityforms.minfae6.js]
[www.peintre47.fr/wp-content/plugins/gravityforms/assets/js/dist/utils.minbdb4.js]
[www.peintre47.fr/wp-content/uploads/dynamic_avia/avia-head-scripts-44963ede28591763c2d61e00f9168584---665975194114d.js]
[www.peintre47.fr/xmlrpc.php]
[www.peintre47.fr/wp-content/themes/enfold/config-templatebuilder/avia-template-builder/assets/fonts/entypo-fontello.svg]
[www.peintre47.fr/wp-json/wp/v2/pages/542.json]
[www.peintre47.fr/wp-json/oembed/1.0/embed14e1.json]
[www.peintre47.fr/wp-json/oembed/1.0/embed17f2]
[www.peintre47.fr/wp-content/uploads/2024/09/peintre-47-enlevement-tapisserie-realisation-peinture.webp]
[www.peintre47.fr/realisations-entreprise-peinture/index.html]
[www.peintre47.fr/wp-content/uploads/2023/12/IMG_5330.webp]
[www.peintre47.fr/wp-content/uploads/dynamic_avia/avia_posts_css/post-466685e.css]
[www.peintre47.fr/wp-json/wp/v2/pages/466.json]
[www.peintre47.fr/wp-json/oembed/1.0/embedc251.json]
[www.peintre47.fr/entreprise-peinture-batiment-tonneins/index.html]
[www.peintre47.fr/wp-json/oembed/1.0/embedab0a]
[www.peintre47.fr/wp-content/uploads/dynamic_avia/avia_posts_css/post-468957e.css]
[www.peintre47.fr/wp-json/wp/v2/pages/468.json]
[www.peintre47.fr/wp-json/oembed/1.0/embedcff2.json]
[www.peintre47.fr/entreprise-peinture-batiment-marmande/index.html]
[www.peintre47.fr/wp-json/oembed/1.0/embed8173]
[www.peintre47.fr/wp-content/uploads/dynamic_avia/avia_posts_css/post-472b8aa.css]
[www.peintre47.fr/wp-json/wp/v2/pages/472.json]
[www.peintre47.fr/wp-json/oembed/1.0/embedeb1e.json]
[www.peintre47.fr/entreprise-peinture-casteljaloux/index.html]
[www.peintre47.fr/wp-json/oembed/1.0/embedb33f]
[www.peintre47.fr/wp-content/uploads/dynamic_avia/avia_posts_css/post-470075b.css]
[www.peintre47.fr/wp-json/wp/v2/pages/470.json]
[www.peintre47.fr/wp-json/oembed/1.0/embed085d.json]
[www.peintre47.fr/entreprise-de-peinture-villeneuve-sur-lot/index.html]
[www.peintre47.fr/wp-json/oembed/1.0/embed3d69]
[www.peintre47.fr/wp-content/uploads/dynamic_avia/avia_posts_css/post-4640c2d.css]
[www.peintre47.fr/wp-json/wp/v2/pages/464.json]
[www.peintre47.fr/wp-json/oembed/1.0/embede3de.json]
[www.peintre47.fr/artisan-peintre-agen/index.html]
[www.peintre47.fr/wp-json/oembed/1.0/embed7e9d]
[www.peintre47.fr/wp-json/wp/v2/pages/496.json]
[www.peintre47.fr/wp-json/oembed/1.0/embedbd44.json]
[www.peintre47.fr/avis-client/index.html]
[www.peintre47.fr/wp-json/oembed/1.0/embed1b89]
[www.peintre47.fr/wp-content/uploads/dynamic_avia/avia_posts_css/post-25adeb.css]
[www.peintre47.fr/wp-json/wp/v2/pages/25.json]
[www.peintre47.fr/wp-json/oembed/1.0/embed6253.json]
[www.peintre47.fr/wp-json/oembed/1.0/embed194d]
[www.peintre47.fr/wp-content/uploads/2022/09/pose-renovation-toiture.webp]
[www.peintre47.fr/peinture-interieure/index.html]
[www.peintre47.fr/wp-content/uploads/2022/11/artisan-peintre-agen-marmande.jpg]
[www.peintre47.fr/peinture-interieure/feed/index.html]
[www.peintre47.fr/wp-content/uploads/dynamic_avia/avia_posts_css/post-4472a6.css]
[www.peintre47.fr/wp-json/wp/v2/pages/44.json]
[www.peintre47.fr/wp-json/oembed/1.0/embed254e.json]
[www.peintre47.fr/wp-json/oembed/1.0/embed3a01]
[www.peintre47.fr/peinture-exterieure/index.html]
[www.peintre47.fr/wp-content/uploads/2022/11/peinture-exterieure-agen-marmande-tonneins.jpg]
[www.peintre47.fr/wp-content/uploads/dynamic_avia/avia_posts_css/post-382ec46.css]
[www.peintre47.fr/peinture-exterieure/feed/index.html]
[www.peintre47.fr/wp-json/wp/v2/pages/382.json]
[www.peintre47.fr/wp-json/oembed/1.0/embed3a12.json]
[www.peintre47.fr/wp-json/oembed/1.0/embeddb0f]
[www.peintre47.fr/revetements-muraux/index.html]
[www.peintre47.fr/wp-content/uploads/2022/11/poser-du-papier-peint.webp]
[www.peintre47.fr/wp-content/uploads/dynamic_avia/avia_posts_css/post-76743e59.css]
[www.peintre47.fr/wp-json/wp/v2/pages/7674.json]
[www.peintre47.fr/wp-json/oembed/1.0/embed9794.json]
[www.peintre47.fr/wp-json/oembed/1.0/embedca5a]
[www.peintre47.fr/nettoyage-de-toiture-et-facade/index.html]
[www.peintre47.fr/wp-content/uploads/2024/07/nettoyage-toiture-et-facade-47-tonneins.webp]
[www.peintre47.fr/devis-contact/index.html]
[www.peintre47.fr/wp-content/plugins/gravityforms/images/spinner.svg]
[www.peintre47.fr/wp-json/wp/v2/posts/7709.json]
[www.peintre47.fr/wp-json/oembed/1.0/embed39cd.json]
[www.peintre47.fr/wp-json/oembed/1.0/embed5094]
[www.peintre47.fr/wp-content/uploads/2024/09/peintre-47-2-enlevement-tapisserie-realisation-peinture.webp]
[www.peintre47.fr/wp-content/uploads/2024/09/peintre-47-2-enlevement-tapisserie-realisation-peinture-529x705.webp]
[www.peintre47.fr/wp-content/uploads/2024/09/peintre-47-enlevement-tapisserie-realisation-peinture-529x705.webp]
[www.peintre47.fr/2024/09/27/enlevement-ancienne-tapisserie-et-realisation-peinture/index.html]
[www.peintre47.fr/wp-content/uploads/2024/04/IMG_71441-peintre-47-webp-80x80.jpg]
[www.peintre47.fr/wp-json/wp/v2/posts/7622.json]
[www.peintre47.fr/2024/09/27/enlevement-ancienne-tapisserie-et-realisation-peinture/feed/index.html]
[www.peintre47.fr/wp-json/oembed/1.0/embede69e.json]
[www.peintre47.fr/wp-json/oembed/1.0/embedcf5d]
[www.peintre47.fr/wp-content/uploads/2024/04/IMG_71681-peintre-47-webp-773x1030.webp]
[www.peintre47.fr/wp-content/uploads/2024/04/IMG_71681-peintre-47-webp-529x705.webp]
[www.peintre47.fr/wp-content/uploads/2024/04/IMG_71721-peintre-47-webp-773x1030.webp]
[www.peintre47.fr/wp-content/uploads/2024/04/IMG_71721-peintre-47-webp-529x705.webp]
[www.peintre47.fr/wp-content/uploads/2024/04/IMG_71761-peintre-47-webp-773x1030.webp]
[www.peintre47.fr/wp-content/uploads/2024/04/IMG_71761-peintre-47-webp-529x705.webp]
[www.peintre47.fr/wp-content/uploads/2024/04/IMG_71771-peintre-47-webp-773x1030.webp]
[www.peintre47.fr/wp-content/uploads/2024/04/IMG_71771-peintre-47-webp-529x705.webp]
[www.peintre47.fr/wp-content/uploads/2024/04/IMG_71441-peintre-47-webp-773x1030.webp]
[www.peintre47.fr/wp-content/uploads/2024/04/IMG_71441-peintre-47-webp-529x705.webp]
[www.peintre47.fr/wp-content/uploads/2024/04/IMG_71381-peintre-47-webp-773x1030.webp]
[www.peintre47.fr/wp-content/uploads/2024/04/IMG_71381-peintre-47-webp-529x705.webp]
[www.peintre47.fr/wp-content/uploads/2024/04/IMG_71041-peintre-47-webp-773x1030.webp]
[www.peintre47.fr/wp-content/uploads/2024/04/IMG_71041-peintre-47-webp-529x705.webp]
[www.peintre47.fr/wp-content/uploads/2024/04/IMG_71021-peintre-47-webp-773x1030.webp]
[www.peintre47.fr/wp-content/uploads/2024/04/IMG_71021-peintre-47-webp-529x705.webp]
[www.peintre47.fr/wp-content/uploads/2023/12/IMG_5330-80x80.webp]
[www.peintre47.fr/2024/04/09/travaux-de-peinture-de-murs-interieurs/index.html]
[www.peintre47.fr/wp-content/uploads/2024/09/peintre-47-enlevement-tapisserie-realisation-peinture-80x80.webp]
[www.peintre47.fr/wp-content/uploads/dynamic_avia/avia_posts_css/post-75966f70.css]
[www.peintre47.fr/category/realisations/index.html]
[www.peintre47.fr/wp-json/wp/v2/posts/7596.json]
[www.peintre47.fr/wp-json/oembed/1.0/embed11a3.json]
[www.peintre47.fr/wp-json/oembed/1.0/embeddec7]
[www.peintre47.fr/wp-content/uploads/2023/12/IMG_5334-845x684.webp]
[www.peintre47.fr/wp-content/uploads/2023/12/IMG_5351-845x684.webp]
[www.peintre47.fr/wp-content/uploads/2023/12/IMG_5321-773x1030.webp]
[www.peintre47.fr/wp-content/uploads/2023/12/IMG_5321-495x400.webp]
[www.peintre47.fr/wp-content/uploads/2023/12/IMG_5324-773x1030.webp]
[www.peintre47.fr/wp-content/uploads/2023/12/IMG_5324-495x400.webp]
[www.peintre47.fr/wp-content/uploads/2023/12/IMG_5328-773x1030.webp]
[www.peintre47.fr/wp-content/uploads/2023/12/IMG_5328-495x400.webp]
[www.peintre47.fr/wp-content/uploads/2023/12/IMG_5334-773x1030.webp]
[www.peintre47.fr/wp-content/uploads/2023/12/IMG_5334-495x400.webp]
[www.peintre47.fr/wp-content/uploads/2023/12/IMG_5337-773x1030.webp]
[www.peintre47.fr/wp-content/uploads/2023/12/IMG_5337-495x400.webp]
[www.peintre47.fr/wp-content/uploads/2023/12/IMG_5351-773x1030.webp]
[www.peintre47.fr/wp-content/uploads/2023/12/IMG_5351-495x400.webp]
[www.peintre47.fr/2023/12/08/restauration-de-volets-en-bois/index.html]
[www.peintre47.fr/wp-content/uploads/2023/12/IMG_5330-773x1030.webp]
[www.peintre47.fr/wp-json/wp/v2/pages/65.json]
[www.peintre47.fr/wp-json/oembed/1.0/embedc2db.json]
[www.peintre47.fr/mentions-legales/feed/index.html]
[www.peintre47.fr/mentions-legales/index.html]
[www.peintre47.fr/wp-content/themes/enfold/framework/index.html]
[www.peintre47.fr/wp-content/themes/enfold/index.html]
[www.peintre47.fr/wp-admin/admin-ajax.html]
[www.peintre47.fr/wp-includes/js/underscore.mind584.js]
[www.peintre47.fr/wp-json/oembed/1.0/embed852d]
[www.peintre47.fr/GET]
[www.peintre47.fr/wp-includes/js/mediaelement/mediaelement-and-player.min1f61.js]
[www.peintre47.fr/wp-includes/js/mediaelement/mediaelement-migrate.min109c.js]
[www.peintre47.fr/wp-includes/js/mediaelement/wp-mediaelement.min109c.js]
[www.peintre47.fr/wp-includes/js/dist/dom-ready.min5346.js]
[www.peintre47.fr/wp-includes/js/dist/hooks.min2757.js]
[www.peintre47.fr/wp-includes/js/dist/i18n.minc33c.js]
[www.peintre47.fr/wp-includes/js/dist/a11y.mine810.js]
[www.peintre47.fr/wp-content/plugins/gravityforms/assets/js/dist/vendor-theme.minca9e.js]
[www.peintre47.fr/wp-content/plugins/gravityforms/assets/js/dist/scripts-theme.min00af.js]
[www.peintre47.fr/t,window.location.href]
[www.peintre47.fr/wp-content/themes/enfold/config-lottie-animations/assets/lottie-player/dotlottie-player3f90.js]
[www.peintre47.fr/wp-content/uploads/dynamic_avia/avia-footer-scripts-4ea5505ca5fa1263398fa7f5389fdb06---665975199c682.js]
[www.peintre47.fr/wp-content/themes/enfold/framework/js/conditional_load/avia_google_maps_api.js]
[www.peintre47.fr/wp-content/plugins/ninja-google-review/assets/frontend/assets/frontend/img/facebook-letter-logo.html]
[www.peintre47.fr/wp-content/plugins/ninja-google-review/assets/frontend/assets/frontend/img/spinner-of-dots.html]
[www.peintre47.fr/wp-content/plugins/ninja-google-review/assets/frontend/img/Google_2015_logo.svg]
[www.peintre47.fr/wp-content/plugins/ninja-google-review/assets/frontend/img/rate-star-button.svg]
[www.peintre47.fr/wp-content/plugins/ninja-google-review/assets/frontend/img/rate-star-button-gray.svg]
[www.peintre47.fr/wp-content/plugins/ninja-google-review/assets/frontend/img/left-arrow.svg]
[www.peintre47.fr/wp-content/plugins/ninja-google-review/assets/frontend/img/right-arrow.svg]
[www.peintre47.fr/wp-includes/js/mediaelement/mejs-controls.svg]
[www.peintre47.fr/wp-content/plugins/gravityforms/images/gf-creditcards.svg]
[www.peintre47.fr/wp-content/plugins/gravityforms/images/gf-creditcards-check.svg]
[www.peintre47.fr/index0d79.html]
[www.peintre47.fr/wp-content/uploads/dynamic_avia/avia_posts_css/post-466685e.css]
[www.peintre47.fr/index2905.html]
[www.peintre47.fr/wp-content/uploads/dynamic_avia/avia_posts_css/post-468957e.css]
[www.peintre47.fr/index4c66.html]
[www.peintre47.fr/wp-content/uploads/dynamic_avia/avia_posts_css/post-472b8aa.css]
[www.peintre47.fr/index8c8c.html]
[www.peintre47.fr/wp-content/uploads/dynamic_avia/avia_posts_css/post-470075b.css]
[www.peintre47.fr/index1beb.html]
[www.peintre47.fr/wp-content/uploads/dynamic_avia/avia_posts_css/post-4640c2d.css]
[www.peintre47.fr/indexa260.html]
[www.peintre47.fr/wp-content/uploads/dynamic_avia/avia_posts_css/post-496d639.css]
[www.peintre47.fr/index0a18.html]
[www.peintre47.fr/wp-content/uploads/dynamic_avia/avia_posts_css/post-25adeb.css]
[www.peintre47.fr/index970c.html]
[www.peintre47.fr/wp-content/uploads/2022/09/pose-renovation-toiture.html]
[www.peintre47.fr/wp-content/uploads/dynamic_avia/avia_posts_css/post-4472a6.css]
[www.peintre47.fr/index49b1.html]
[www.peintre47.fr/wp-content/uploads/dynamic_avia/avia_posts_css/post-382ec46.css]
[www.peintre47.fr/index802e.html]
[www.peintre47.fr/wp-content/uploads/dynamic_avia/avia_posts_css/post-76743e59.css]
[www.peintre47.fr/index4724.html]
[www.peintre47.fr/indexd819.html]
[www.peintre47.fr/category/realisations/index.html]
[www.peintre47.fr/index6ef3.html]
[www.peintre47.fr/wp-content/uploads/dynamic_avia/avia_posts_css/post-75966f70.css]
[www.peintre47.fr/indexebd7.html]
[www.peintre47.fr/index7665.html]
[www.peintre47.fr/GET.html]
[www.peintre47.fr/images/index.html]
[www.peintre47.fr/images/index.html]
[www.peintre47.fr/giItT1WQy@!-/index.html]
[www.peintre47.fr/giItT1WQy@!-/index.html]
[www.peintre47.fr/t,window.location.html]
